[    0.000000] Initializing cgroup subsys cpuset
[    0.000000] Initializing cgroup subsys cpu
[    0.000000] Initializing cgroup subsys cpuacct
[    0.000000] Linux version 4.4.0-210-generic (buildd@lgw01-amd64-009) (gcc version 5.4.0 20160609 (Ubuntu 5.4.0-6ubuntu1~16.04.12) ) #242-Ubuntu SMP Fri Apr 16 09:57:56 UTC 2021 (Ubuntu 4.4.0-210.242-generic 4.4.262)
[    0.000000] Command line: BOOT_IMAGE=/boot/vmlinuz-4.4.0-210-generic root=LABEL=cloudimg-rootfs ro console=tty1 console=ttyS0
[    0.000000] KERNEL supported cpus:
[    0.000000]   Intel GenuineIntel
[    0.000000]   AMD AuthenticAMD
[    0.000000]   Centaur CentaurHauls
[    0.000000] x86/fpu: xstate_offset[2]:  576, xstate_sizes[2]:  256
[    0.000000] x86/fpu: Supporting XSAVE feature 0x01: 'x87 floating point registers'
[    0.000000] x86/fpu: Supporting XSAVE feature 0x02: 'SSE registers'
[    0.000000] x86/fpu: Supporting XSAVE feature 0x04: 'AVX registers'
[    0.000000] x86/fpu: Enabled xstate features 0x7, context size is 832 bytes, using 'standard' format.
[    0.000000] e820: BIOS-provided physical RAM map:
[    0.000000] BIOS-e820: [mem 0x0000000000000000-0x000000000009fbff] usable
[    0.000000] BIOS-e820: [mem 0x000000000009fc00-0x000000000009ffff] reserved
[    0.000000] BIOS-e820: [mem 0x00000000000f0000-0x00000000000fffff] reserved
[    0.000000] BIOS-e820: [mem 0x0000000000100000-0x000000003ffeffff] usable
[    0.000000] BIOS-e820: [mem 0x000000003fff0000-0x000000003fffffff] ACPI data
[    0.000000] BIOS-e820: [mem 0x00000000fec00000-0x00000000fec00fff] reserved
[    0.000000] BIOS-e820: [mem 0x00000000fee00000-0x00000000fee00fff] reserved
[    0.000000] BIOS-e820: [mem 0x00000000fffc0000-0x00000000ffffffff] reserved
[    0.000000] NX (Execute Disable) protection: active
[    0.000000] SMBIOS 2.5 present.
[    0.000000] Hypervisor detected: KVM
[    0.000000] e820: last_pfn = 0x3fff0 max_arch_pfn = 0x400000000
[    0.000000] MTRR: Disabled
[    0.000000] x86/PAT: MTRRs disabled, skipping PAT initialization too.
[    0.000000] CPU MTRRs all blank - virtualized system.
[    0.000000] x86/PAT: Configuration [0-7]: WB  WT  UC- UC  WB  WT  UC- UC  
[    0.000000] found SMP MP-table at [mem 0x0009fff0-0x0009ffff] mapped at [ffff88000009fff0]
[    0.000000] Scanning 1 areas for low memory corruption
[    0.000000] RAMDISK: [mem 0x362dc000-0x37165fff]
[    0.000000] ACPI: Early table checksum verification disabled
[    0.000000] ACPI: RSDP 0x00000000000E0000 000024 (v02 VBOX  )
[    0.000000] ACPI: XSDT 0x000000003FFF0030 00003C (v01 VBOX   VBOXXSDT 00000001 ASL  00000061)
[    0.000000] ACPI: FACP 0x000000003FFF00F0 0000F4 (v04 VBOX   VBOXFACP 00000001 ASL  00000061)
[    0.000000] ACPI: DSDT 0x000000003FFF0470 002325 (v02 VBOX   VBOXBIOS 00000002 INTL 20100528)
[    0.000000] ACPI: FACS 0x000000003FFF0200 000040
[    0.000000] ACPI: FACS 0x000000003FFF0200 000040
[    0.000000] ACPI: APIC 0x000000003FFF0240 00005C (v02 VBOX   VBOXAPIC 00000001 ASL  00000061)
[    0.000000] ACPI: SSDT 0x000000003FFF02A0 0001CC (v01 VBOX   VBOXCPUT 00000002 INTL 20100528)
[    0.000000] No NUMA configuration found
[    0.000000] Faking a node at [mem 0x0000000000000000-0x000000003ffeffff]
[    0.000000] NODE_DATA(0) allocated [mem 0x3ffeb000-0x3ffeffff]
[    0.000000] kvm-clock: Using msrs 4b564d01 and 4b564d00
[    0.000000] kvm-clock: cpu 0, msr 0:3ffe3001, primary cpu clock
[    0.000000] kvm-clock: using sched offset of 3312907616 cycles
[    0.000000] clocksource: kvm-clock: mask: 0xffffffffffffffff max_cycles: 0x1cd42e4dffb, max_idle_ns: 881590591483 ns
[    0.000000] Zone ranges:
[    0.000000]   DMA      [mem 0x0000000000001000-0x0000000000ffffff]
[    0.000000]   DMA32    [mem 0x0000000001000000-0x000000003ffeffff]
[    0.000000]   Normal   empty
[    0.000000]   Device   empty
[    0.000000] Movable zone start for each node
[    0.000000] Early memory node ranges
[    0.000000]   node   0: [mem 0x0000000000001000-0x000000000009efff]
[    0.000000]   node   0: [mem 0x0000000000100000-0x000000003ffeffff]
[    0.000000] Initmem setup node 0 [mem 0x0000000000001000-0x000000003ffeffff]
[    0.000000] ACPI: PM-Timer IO Port: 0x4008
[    0.000000] IOAPIC[0]: apic_id 2, version 32, address 0xfec00000, GSI 0-23
[    0.000000] ACPI: INT_SRC_OVR (bus 0 bus_irq 0 global_irq 2 dfl dfl)
[    0.000000] ACPI: INT_SRC_OVR (bus 0 bus_irq 9 global_irq 9 low level)
[    0.000000] Using ACPI (MADT) for SMP configuration information
[    0.000000] smpboot: Allowing 2 CPUs, 0 hotplug CPUs
[    0.000000] PM: Registered nosave memory: [mem 0x00000000-0x00000fff]
[    0.000000] PM: Registered nosave memory: [mem 0x0009f000-0x0009ffff]
[    0.000000] PM: Registered nosave memory: [mem 0x000a0000-0x000effff]
[    0.000000] PM: Registered nosave memory: [mem 0x000f0000-0x000fffff]
[    0.000000] e820: [mem 0x40000000-0xfebfffff] available for PCI devices
[    0.000000] Booting paravirtualized kernel on KVM
[    0.000000] clocksource: refined-jiffies: mask: 0xffffffff max_cycles: 0xffffffff, max_idle_ns: 7645519600211568 ns
[    0.000000] setup_percpu: NR_CPUS:512 nr_cpumask_bits:512 nr_cpu_ids:2 nr_node_ids:1
[    0.000000] PERCPU: Embedded 33 pages/cpu @ffff88003fc00000 s95192 r8192 d31784 u1048576
[    0.000000] Built 1 zonelists in Node order, mobility grouping on.  Total pages: 257912
[    0.000000] Policy zone: DMA32
[    0.000000] Kernel command line: BOOT_IMAGE=/boot/vmlinuz-4.4.0-210-generic root=LABEL=cloudimg-rootfs ro console=tty1 console=ttyS0
[    0.000000] PID hash table entries: 4096 (order: 3, 32768 bytes)
[    0.000000] Memory: 997792K/1048120K available (8644K kernel code, 1332K rwdata, 4044K rodata, 1492K init, 1164K bss, 50328K reserved, 0K cma-reserved)
[    0.000000] SLUB: HWalign=64, Order=0-3, MinObjects=0, CPUs=2, Nodes=1
[    0.000000] Kernel/User page tables isolation: enabled
[    0.000000] Hierarchical RCU implementation.
[    0.000000] 	Build-time adjustment of leaf fanout to 64.
[    0.000000] 	RCU restricting CPUs from NR_CPUS=512 to nr_cpu_ids=2.
[    0.000000] RCU: Adjusting geometry for rcu_fanout_leaf=64, nr_cpu_ids=2
[    0.000000] NR_IRQS:33024 nr_irqs:440 16
[    0.000000] Console: colour VGA+ 80x25
[    0.000000] console [tty1] enabled
[    0.000000] console [ttyS0] enabled
[    0.000000] tsc: Detected 3599.998 MHz processor
[    0.167109] Calibrating delay loop (skipped) preset value.. 7199.99 BogoMIPS (lpj=14399992)
[    0.168907] pid_max: default: 32768 minimum: 301
[    0.169918] ACPI: Core revision 20150930
[    0.172901] ACPI: 2 ACPI AML tables successfully acquired and loaded
[    0.174266] Security Framework initialized
[    0.175322] Yama: becoming mindful.
[    0.176434] AppArmor: AppArmor initialized
[    0.177740] Dentry cache hash table entries: 131072 (order: 8, 1048576 bytes)
[    0.182199] Inode-cache hash table entries: 65536 (order: 7, 524288 bytes)
[    0.184045] Mount-cache hash table entries: 2048 (order: 2, 16384 bytes)
[    0.185354] Mountpoint-cache hash table entries: 2048 (order: 2, 16384 bytes)
[    0.186828] Initializing cgroup subsys io
[    0.187741] Initializing cgroup subsys memory
[    0.188753] Initializing cgroup subsys devices
[    0.190155] Initializing cgroup subsys freezer
[    0.191201] Initializing cgroup subsys net_cls
[    0.192253] Initializing cgroup subsys perf_event
[    0.193307] Initializing cgroup subsys net_prio
[    0.194648] Initializing cgroup subsys hugetlb
[    0.195747] Initializing cgroup subsys pids
[    0.197889] mce: CPU supports 0 MCE banks
[    0.198903] Last level iTLB entries: 4KB 128, 2MB 8, 4MB 8
[    0.200181] Last level dTLB entries: 4KB 64, 2MB 0, 4MB 0, 1GB 4
[    0.201771] Spectre V1 : Mitigation: usercopy/swapgs barriers and __user pointer sanitization
[    0.203905] Spectre V2 : Mitigation: Full generic retpoline
[    0.204985] Spectre V2 : Spectre v2 / SpectreRSB mitigation: Filling RSB on context switch
[    0.207087] Speculative Store Bypass: Vulnerable
[    0.208215] SRBDS: Unknown: Dependent on hypervisor status
[    0.209415] MDS: Mitigation: Clear CPU buffers
[    0.213159] Freeing SMP alternatives memory: 36K
[    0.220120] ftrace: allocating 32380 entries in 127 pages
[    0.281250] smpboot: APIC(0) Converting physical 0 to logical package 0
[    0.282665] smpboot: Max logical packages: 1
[    0.283942] x2apic enabled
[    0.284958] Switched APIC routing to physical x2apic.
[    0.287579] ..TIMER: vector=0x30 apic1=0 pin1=2 apic2=-1 pin2=-1
[    0.396885] smpboot: CPU0: Intel(R) Core(TM) i5-8600K CPU @ 3.60GHz (family: 0x6, model: 0x9e, stepping: 0xa)
[    0.399584] Performance Events: unsupported p6 CPU model 158 no PMU driver, software events only.
[    0.412252] KVM setup paravirtual spinlock
[    0.414078] x86: Booting SMP configuration:
[    0.415104] .... node  #0, CPUs:      #1
[    0.416114] kvm-clock: cpu 1, msr 0:3ffe3041, secondary cpu clock
[    0.418094] mce: CPU supports 0 MCE banks
[    0.420846] x86: Booted up 1 node, 2 CPUs
[    0.422030] smpboot: Total of 2 processors activated (14399.99 BogoMIPS)
[    0.423789] devtmpfs: initialized
[    0.426305] evm: security.selinux
[    0.427220] evm: security.SMACK64
[    0.428047] evm: security.SMACK64EXEC
[    0.428972] evm: security.SMACK64TRANSMUTE
[    0.430015] evm: security.SMACK64MMAP
[    0.431570] evm: security.ima
[    0.432428] evm: security.capability
[    0.433820] clocksource: jiffies: mask: 0xffffffff max_cycles: 0xffffffff, max_idle_ns: 7645041785100000 ns
[    0.438689] futex hash table entries: 512 (order: 3, 32768 bytes)
[    0.440523] pinctrl core: initialized pinctrl subsystem
[    0.441755] RTC time: 17:29:05, date: 12/06/22
[    0.444076] NET: Registered protocol family 16
[    0.456625] cpuidle: using governor ladder
[    0.468270] cpuidle: using governor menu
[    0.469496] PCCT header not found.
[    0.470515] ACPI: bus type PCI registered
[    0.471497] acpiphp: ACPI Hot Plug PCI Controller Driver version: 0.5
[    0.473300] PCI: Using configuration type 1 for base access
[    0.484722] ACPI: Added _OSI(Module Device)
[    0.486021] ACPI: Added _OSI(Processor Device)
[    0.487172] ACPI: Added _OSI(3.0 _SCP Extensions)
[    0.488501] ACPI: Added _OSI(Processor Aggregator Device)
[    0.490266] ACPI: Executed 1 blocks of module-level executable AML code
[    0.494261] ACPI: Interpreter enabled
[    0.495150] ACPI: (supports S0 S5)
[    0.495973] ACPI: Using IOAPIC for interrupt routing
[    0.497381] PCI: Using host bridge windows from ACPI; if necessary, use "pci=nocrs" and report a bug
[    0.502955] ACPI: PCI Root Bridge [PCI0] (domain 0000 [bus 00-ff])
[    0.504729] acpi PNP0A03:00: _OSC: OS supports [ASPM ClockPM Segments MSI]
[    0.506804] acpi PNP0A03:00: _OSC: not requesting OS control; OS requires [ExtendedConfig ASPM ClockPM MSI]
[    0.508965] acpi PNP0A03:00: fail to add MMCONFIG information, can't access extended PCI configuration space under this bridge.
[    0.512279] PCI host bridge to bus 0000:00
[    0.513303] pci_bus 0000:00: root bus resource [io  0x0000-0x0cf7 window]
[    0.514735] pci_bus 0000:00: root bus resource [io  0x0d00-0xffff window]
[    0.516407] pci_bus 0000:00: root bus resource [mem 0x000a0000-0x000bffff window]
[    0.518642] pci_bus 0000:00: root bus resource [mem 0x40000000-0xfdffffff window]
[    0.520573] pci_bus 0000:00: root bus resource [bus 00-ff]
[    0.523750] pci 0000:00:01.1: legacy IDE quirk: reg 0x10: [io  0x01f0-0x01f7]
[    0.525225] pci 0000:00:01.1: legacy IDE quirk: reg 0x14: [io  0x03f6]
[    0.526477] pci 0000:00:01.1: legacy IDE quirk: reg 0x18: [io  0x0170-0x0177]
[    0.539084] pci 0000:00:01.1: legacy IDE quirk: reg 0x1c: [io  0x0376]
[    0.553789] pci 0000:00:07.0: quirk: [io  0x4000-0x403f] claimed by PIIX4 ACPI
[    0.555625] pci 0000:00:07.0: quirk: [io  0x4100-0x410f] claimed by PIIX4 SMB
[    0.569177] ACPI: PCI Interrupt Link [LNKA] (IRQs 5 9 10 *11)
[    0.571791] ACPI: PCI Interrupt Link [LNKB] (IRQs 5 9 *10 11)
[    0.573934] ACPI: PCI Interrupt Link [LNKC] (IRQs 5 *9 10 11)
[    0.575804] ACPI: PCI Interrupt Link [LNKD] (IRQs 5 9 10 *11)
[    0.578141] ACPI: Enabled 2 GPEs in block 00 to 07
[    0.579576] vgaarb: setting as boot device: PCI:0000:00:02.0
[    0.580733] vgaarb: device added: PCI:0000:00:02.0,decodes=io+mem,owns=io+mem,locks=none
[    0.582628] vgaarb: loaded
[    0.583555] vgaarb: bridge control possible 0000:00:02.0
[    0.584927] SCSI subsystem initialized
[    0.586048] ACPI: bus type USB registered
[    0.587084] usbcore: registered new interface driver usbfs
[    0.588361] usbcore: registered new interface driver hub
[    0.589608] usbcore: registered new device driver usb
[    0.593760] PCI: Using ACPI for IRQ routing
[    0.595329] NetLabel: Initializing
[    0.596281] NetLabel:  domain hash size = 128
[    0.597270] NetLabel:  protocols = UNLABELED CIPSOv4
[    0.598381] NetLabel:  unlabeled traffic allowed by default
[    0.599789] amd_nb: Cannot enumerate AMD northbridges
[    0.601244] clocksource: Switched to clocksource kvm-clock
[    0.612530] AppArmor: AppArmor Filesystem Enabled
[    0.613886] pnp: PnP ACPI init
[    0.615596] pnp: PnP ACPI: found 3 devices
[    0.625290] clocksource: acpi_pm: mask: 0xffffff max_cycles: 0xffffff, max_idle_ns: 2085701024 ns
[    0.627712] NET: Registered protocol family 2
[    0.628883] TCP established hash table entries: 8192 (order: 4, 65536 bytes)
[    0.630430] TCP bind hash table entries: 8192 (order: 5, 131072 bytes)
[    0.632104] TCP: Hash tables configured (established 8192 bind 8192)
[    0.633466] UDP hash table entries: 512 (order: 2, 16384 bytes)
[    0.634677] UDP-Lite hash table entries: 512 (order: 2, 16384 bytes)
[    0.635909] NET: Registered protocol family 1
[    0.636972] pci 0000:00:00.0: Limiting direct PCI/PCI transfers
[    0.638583] pci 0000:00:01.0: Activating ISA DMA hang workarounds
[    0.640017] Unpacking initramfs...
[    0.852275] Freeing initrd memory: 14888K
[    0.853598] clocksource: tsc: mask: 0xffffffffffffffff max_cycles: 0x33e451ab1a6, max_idle_ns: 440795278720 ns
[    0.856517] platform rtc_cmos: registered platform RTC device (no PNP device found)
[    0.858653] Scanning for low memory corruption every 60 seconds
[    0.860302] audit: initializing netlink subsys (disabled)
[    0.861738] audit: type=2000 audit(1670347750.891:1): initialized
[    0.863528] Initialise system trusted keyring
[    0.864636] HugeTLB registered 2 MB page size, pre-allocated 0 pages
[    0.867086] zbud: loaded
[    0.868299] VFS: Disk quotas dquot_6.6.0
[    0.869601] VFS: Dquot-cache hash table entries: 512 (order 0, 4096 bytes)
[    0.871263] squashfs: version 4.0 (2009/01/31) Phillip Lougher
[    0.872741] fuse init (API version 7.23)
[    0.874026] Key type big_key registered
[    0.875213] Allocating IMA MOK and blacklist keyrings.
[    0.876915] Key type asymmetric registered
[    0.877834] Asymmetric key parser 'x509' registered
[    0.879099] Block layer SCSI generic (bsg) driver version 0.4 loaded (major 249)
[    0.881625] io scheduler noop registered
[    0.882603] io scheduler deadline registered (default)
[    0.883796] io scheduler cfq registered
[    0.884808] pci_hotplug: PCI Hot Plug PCI Core version: 0.5
[    0.886650] pciehp: PCI Express Hot Plug Controller Driver version: 0.4
[    0.888379] ACPI: AC Adapter [AC] (on-line)
[    0.889365] input: Power Button as /devices/LNXSYSTM:00/LNXPWRBN:00/input/input0
[    0.891479] ACPI: Power Button [PWRF]
[    0.892712] input: Sleep Button as /devices/LNXSYSTM:00/LNXSLPBN:00/input/input1
[    0.894729] ACPI: Sleep Button [SLPF]
[    0.895822] GHES: HEST is not enabled!
[    0.896883] Serial: 8250/16550 driver, 32 ports, IRQ sharing enabled
[    0.919557] 00:02: ttyS0 at I/O 0x3f8 (irq = 4, base_baud = 115200) is a 16550A
[    0.922421] Linux agpgart interface v0.103
[    0.924949] loop: module loaded
[    0.926426] scsi host0: ata_piix
[    0.927444] scsi host1: ata_piix
[    0.928539] ata1: PATA max UDMA/33 cmd 0x1f0 ctl 0x3f6 bmdma 0xd000 irq 14
[    0.930242] ata2: PATA max UDMA/33 cmd 0x170 ctl 0x376 bmdma 0xd008 irq 15
[    0.931856] libphy: Fixed MDIO Bus: probed
[    0.932763] tun: Universal TUN/TAP device driver, 1.6
[    0.933840] tun: (C) 1999-2004 Max Krasnyansky <maxk@qualcomm.com>
[    0.935205] PPP generic driver version 2.4.2
[    0.936422] ehci_hcd: USB 2.0 'Enhanced' Host Controller (EHCI) Driver
[    0.937738] ehci-pci: EHCI PCI platform driver
[    0.938967] ehci-platform: EHCI generic platform driver
[    0.940406] ohci_hcd: USB 1.1 'Open' Host Controller (OHCI) Driver
[    0.941849] ohci-pci: OHCI PCI platform driver
[    0.942819] ohci-platform: OHCI generic platform driver
[    0.943908] uhci_hcd: USB Universal Host Controller Interface driver
[    0.945196] i8042: PNP: PS/2 Controller [PNP0303:PS2K,PNP0f03:PS2M] at 0x60,0x64 irq 1,12
[    0.947717] serio: i8042 KBD port at 0x60,0x64 irq 1
[    0.948756] serio: i8042 AUX port at 0x60,0x64 irq 12
[    0.949964] mousedev: PS/2 mouse device common for all mice
[    0.951552] rtc_cmos rtc_cmos: rtc core: registered rtc_cmos as rtc0
[    0.953380] rtc_cmos rtc_cmos: alarms up to one day, 114 bytes nvram
[    0.954743] i2c /dev entries driver
[    0.955633] device-mapper: uevent: version 1.0.3
[    0.955648] input: AT Translated Set 2 keyboard as /devices/platform/i8042/serio0/input/input2
[    0.958804] device-mapper: ioctl: 4.34.0-ioctl (2015-10-28) initialised: dm-devel@redhat.com
[    0.960962] ledtrig-cpu: registered to indicate activity on CPUs
[    0.962581] NET: Registered protocol family 10
[    0.963665] NET: Registered protocol family 17
[    0.965082] Key type dns_resolver registered
[    0.966858] registered taskstats version 1
[    0.967733] Loading compiled-in X.509 certificates
[    0.969198] Loaded X.509 cert 'Build time autogenerated kernel key: cf00e047681d67edb2720680708b7d9498083038'
[    0.971717] zswap: loaded using pool lzo/zbud
[    0.974348] Key type trusted registered
[    0.978454] Key type encrypted registered
[    0.979395] AppArmor: AppArmor sha1 policy hashing enabled
[    0.980576] ima: No TPM chip found, activating TPM-bypass!
[    0.981774] ima: Allocated hash algorithm: sha1
[    0.983155] evm: HMAC attrs: 0x1
[    0.984397]   Magic number: 2:218:491
[    0.985408] rtc_cmos rtc_cmos: setting system clock to 2022-12-06 17:29:06 UTC (1670347746)
[    0.987500] BIOS EDD facility v0.16 2004-Jun-25, 0 devices found
[    0.989015] EDD information not available.
[    1.109958] Freeing unused kernel memory: 1492K
[    1.111071] Write protecting the kernel read-only data: 14336k
[    1.112767] Freeing unused kernel memory: 1584K
[    1.113966] Freeing unused kernel memory: 52K
Loading, please wait...
starting version 229
[    1.126988] random: systemd-udevd: uninitialized urandom read (16 bytes read, 3 bits of entropy available)
[    1.127473] random: udevadm: uninitialized urandom read (16 bytes read, 3 bits of entropy available)
[    1.127487] random: udevadm: uninitialized urandom read (16 bytes read, 3 bits of entropy available)
[    1.134196] random: systemd-udevd: uninitialized urandom read (16 bytes read, 3 bits of entropy available)
[    1.136450] random: systemd-udevd: uninitialized urandom read (16 bytes read, 3 bits of entropy available)
[    1.137415] random: udevadm: uninitialized urandom read (16 bytes read, 3 bits of entropy available)
[    1.137450] random: udevadm: uninitialized urandom read (16 bytes read, 3 bits of entropy available)
[    1.137569] random: udevadm: uninitialized urandom read (16 bytes read, 3 bits of entropy available)
[    1.137611] random: udevadm: uninitialized urandom read (16 bytes read, 3 bits of entropy available)
[    1.137653] random: udevadm: uninitialized urandom read (16 bytes read, 3 bits of entropy available)
[    1.176403] Fusion MPT base driver 3.04.20
[    1.178075] Copyright (c) 1999-2008 LSI Corporation
[    1.185715] e1000: Intel(R) PRO/1000 Network Driver - version 7.3.21-k8-NAPI
[    1.187258] e1000: Copyright (c) 1999-2006 Intel Corporation.
[    1.196477] Fusion MPT SPI Host driver 3.04.20
[    1.199476] AVX2 version of gcm_enc/dec engaged.
[    1.200705] AES CTR mode by8 optimization enabled
[    1.410617] input: ImExPS/2 Generic Explorer Mouse as /devices/platform/i8042/serio1/input/input4
[    1.690917] e1000 0000:00:03.0 eth0: (PCI:33MHz:32-bit) 02:be:82:6b:cc:1d
[    1.692850] e1000 0000:00:03.0 eth0: Intel(R) PRO/1000 Network Connection
[    2.238601] e1000 0000:00:08.0 eth1: (PCI:33MHz:32-bit) 08:00:27:ed:3c:7e
[    2.240179] e1000 0000:00:08.0 eth1: Intel(R) PRO/1000 Network Connection
[    3.038848] e1000 0000:00:09.0 eth2: (PCI:33MHz:32-bit) 08:00:27:4c:bb:06
[    3.040486] e1000 0000:00:09.0 eth2: Intel(R) PRO/1000 Network Connection
[    3.043790] e1000 0000:00:03.0 enp0s3: renamed from eth0
[    3.045325] mptbase: ioc0: Initiating bringup
[    3.057542] e1000 0000:00:09.0 enp0s9: renamed from eth2
[    3.074001] e1000 0000:00:08.0 enp0s8: renamed from eth1
[    3.117604] ioc0: LSI53C1030 A0: Capabilities={Initiator}
[    3.279588] scsi host2: ioc0: LSI53C1030 A0, FwRev=00000000h, Ports=1, MaxQ=256, IRQ=20
[    3.393762] scsi 2:0:0:0: Direct-Access     VBOX     HARDDISK         1.0  PQ: 0 ANSI: 5
[    3.395814] scsi target2:0:0: Beginning Domain Validation
[    3.398462] scsi target2:0:0: Domain Validation skipping write tests
[    3.399859] scsi target2:0:0: Ending Domain Validation
[    3.401312] scsi target2:0:0: asynchronous
[    3.414684] scsi 2:0:1:0: Direct-Access     VBOX     HARDDISK         1.0  PQ: 0 ANSI: 5
[    3.416532] scsi target2:0:1: Beginning Domain Validation
[    3.419848] scsi target2:0:1: Domain Validation skipping write tests
[    3.421518] scsi target2:0:1: Ending Domain Validation
[    3.422776] scsi target2:0:1: asynchronous
[    3.429215] sd 2:0:0:0: [sda] 83886080 512-byte logical blocks: (42.9 GB/40.0 GiB)
[    3.429417] sd 2:0:0:0: Attached scsi generic sg0 type 0
[    3.433283] sd 2:0:0:0: [sda] Write Protect is off
[    3.433644] sd 2:0:1:0: [sdb] 20480 512-byte logical blocks: (10.5 MB/10.0 MiB)
[    3.433744] sd 2:0:1:0: [sdb] Write Protect is off
[    3.433809] sd 2:0:1:0: [sdb] Incomplete mode parameter data
[    3.433810] sd 2:0:1:0: [sdb] Assuming drive cache: write through
[    3.437772] sd 2:0:1:0: Attached scsi generic sg1 type 0
[    3.440616] sd 2:0:1:0: [sdb] Attached SCSI disk
[    3.443449] sd 2:0:0:0: [sda] Incomplete mode parameter data
[    3.445000] sd 2:0:0:0: [sda] Assuming drive cache: write through
[    3.448471]  sda: sda1
[    3.449980] sd 2:0:0:0: [sda] Attached SCSI disk
Begin: Loading essential drivers ... [    4.860536] md: linear personality registered for level -1
[    4.864302] md: multipath personality registered for level -4
[    4.867569] md: raid0 personality registered for level 0
[    4.871986] md: raid1 personality registered for level 1
[    4.941275] raid6: sse2x1   gen() 13416 MB/s
[    5.009291] raid6: sse2x1   xor()  9889 MB/s
[    5.077343] raid6: sse2x2   gen() 15913 MB/s
[    5.145361] raid6: sse2x2   xor() 11487 MB/s
[    5.213360] raid6: sse2x4   gen() 18275 MB/s
[    5.281306] raid6: sse2x4   xor() 12495 MB/s
[    5.349274] raid6: avx2x1   gen() 26267 MB/s
[    5.417255] raid6: avx2x2   gen() 31397 MB/s
[    5.485255] raid6: avx2x4   gen() 33390 MB/s
[    5.486454] raid6: using algorithm avx2x4 gen() 33390 MB/s
[    5.487763] raid6: using avx2x2 recovery algorithm
[    5.489656] xor: automatically using best checksumming function:
[    5.529283]    avx       : 28191.000 MB/sec
[    5.531528] async_tx: api initialized (async)
[    5.540087] md: raid6 personality registered for level 6
[    5.542136] md: raid5 personality registered for level 5
[    5.543452] md: raid4 personality registered for level 4
[    5.550519] md: raid10 personality registered for level 10
done.
Begin: Running /scripts/init-premount ... done.
Begin: Mounting root file system ... Begin: Running /scripts/local-top ... done.
Begin: Running /scripts/local-premount ... [    5.580579] Btrfs loaded
Scanning for Btrfs filesystems
done.
Warning: fsck not present, so skipping root file system
[    5.616500] EXT4-fs (sda1): mounted filesystem with ordered data mode. Opts: (null)
done.
Begin: Running /scripts/local-bottom ... done.
Begin: Running /scripts/init-bottom ... done.
[    5.771786] systemd[1]: systemd 229 running in system mode. (+PAM +AUDIT +SELINUX +IMA +APPARMOR +SMACK +SYSVINIT +UTMP +LIBCRYPTSETUP +GCRYPT +GNUTLS +ACL +XZ -LZ4 +SECCOMP +BLKID +ELFUTILS +KMOD -IDN)
[    5.775643] systemd[1]: Detected virtualization oracle.
[    5.776912] systemd[1]: Detected architecture x86-64.

Welcome to [1mUbuntu 16.04.7 LTS[0m!

[    5.790531] systemd[1]: Set hostname to <adribalanceador>.
[    5.950960] systemd[1]: Listening on Journal Audit Socket.
[[0;32m  OK  [0m] Listening on Journal Audit Socket.
[    5.953097] systemd[1]: Listening on udev Kernel Socket.
[[0;32m  OK  [0m] Listening on udev Kernel Socket.
[    5.955217] systemd[1]: Listening on Syslog Socket.
[[0;32m  OK  [0m] Listening on Syslog Socket.
[    5.957090] systemd[1]: Reached target Swap.
[[0;32m  OK  [0m] Reached target Swap.
[    5.958930] systemd[1]: Started Forward Password Requests to Wall Directory Watch.
[[0;32m  OK  [0m] Started Forward Password Requests to Wall Directory Watch.
[    5.962099] systemd[1]: Created slice System Slice.
[[0;32m  OK  [0m] Created slice System Slice.
[    5.964042] systemd[1]: Started Trigger resolvconf update for networkd DNS.
[[0;32m  OK  [0m] Started Trigger resolvconf update for networkd DNS.
[    5.966638] systemd[1]: Created slice system-serial\x2dgetty.slice.
[[0;32m  OK  [0m] Created slice system-serial\x2dgetty.slice.
[    5.968799] systemd[1]: Listening on Device-mapper event daemon FIFOs.
[[0;32m  OK  [0m] Listening on Device-mapper event daemon FIFOs.
[    5.977939] systemd[1]: Created slice User and Session Slice.
[[0;32m  OK  [0m] Created slice User and Session Slice.
[    5.980004] systemd[1]: Listening on fsck to fsckd communication Socket.
[[0;32m  OK  [0m] Listening on fsck to fsckd communication Socket.
[    5.983043] systemd[1]: Reached target System Time Synchronized.
[[0;32m  OK  [0m] Reached target System Time Synchronized.
[    5.985669] systemd[1]: Listening on Journal Socket (/dev/log).
[[0;32m  OK  [0m] Listening on Journal Socket (/dev/log).
[    5.987897] systemd[1]: Listening on Journal Socket.
[[0;32m  OK  [0m] Listening on Journal Socket.
[    6.013597] systemd[1]: Starting Nameserver information manager...
         Starting Nameserver information manager...
[    6.016783] systemd[1]: Mounting POSIX Message Queue File System...
         Mounting POSIX Message Queue File System...
[    6.024238] systemd[1]: Starting Load Kernel Modules...
         Starting Load Kernel Modules...
[    6.027054] systemd[1]: Mounting Huge Pages File System...
         Mounting Huge Pages File System...
[    6.029580] systemd[1]: Starting Create list of required static device nodes for the current kernel...
         Starting Create list of required st... nodes for the current kernel...
[    6.034059] systemd[1]: Starting File System Check on Root Device...
         Starting File System Check on Root Device...
[    6.043540] Loading iSCSI transport class v2.0-870.
[    6.047909] systemd[1]: Starting Set console keymap...
         Starting Set console keymap...
[    6.051224] systemd[1]: Starting Journal Service...
         Starting Journal Service...
[    6.053987] systemd[1]: Mounting Debug File System...
         Mounting Debug File System...
[    6.056652] systemd[1]: Listening on /dev/initctl Compatibility Named Pipe.
[[0;32m  OK  [0m] Listening on /dev/initctl Compatibility Named Pipe.
[    6.059806] systemd[1]: Reached target User and Group Name Lookups.
[[0;32m  OK  [0m] Reached target User and Group Name Lookups.
[    6.069420] systemd[1]: Listening on LVM2 poll daemon socket.
[    6.071120] iscsi: registered transport (tcp)
[[0;32m  OK  [0m] Listening on LVM2 poll daemon socket.
[    6.074186] systemd[1]: Starting Uncomplicated firewall...
         Starting Uncomplicated firewall...
[    6.076581] systemd[1]: Listening on LVM2 metadata daemon socket.
[[0;32m  OK  [0m] Listening on LVM2 metadata daemon socket.
[    6.079210] systemd[1]: Starting Monitoring of LVM2 mirrors, snapshots etc. using dmeventd or progress polling...
         Starting Monitoring of LVM2 mirrors... dmeventd or progress polling...
[    6.085380] systemd[1]: Reached target Encrypted Volumes.
[[0;32m  OK  [0m] Reached target Encrypted Volumes.
[    6.089990] systemd[1]: Reached target Slices.
[[0;32m  OK  [0m] Reached target Slices.
[    6.092065] systemd[1]: Set up automount Arbitrary Executable File Formats File System Automount Point.
[[0;32m  OK  [0m] Set up automount Arbitrary Executab...ats File System Automount Point.
[    6.096432] systemd[1]: Listening on udev Control Socket.
[[0;32m  OK  [0m] Listening on udev Control Socket.
[    6.099824] systemd[1]: Mounted Huge Pages File System.
[[0;32m  OK  [0m] Mounted Huge Pages File System.
[    6.101995] systemd[1]: Mounted POSIX Message Queue File System.
[[0;32m  OK  [0m] Mounted POSIX Message Queue File System.
[    6.104213] systemd[1]: Mounted Debug File System.
[[0;32m  OK  [0m] Mounted Debug File System.
[    6.106142] systemd[1]: Started Journal Service.
[[0;32m  OK  [0m] Started Journal Service.
[    6.124652] iscsi: registered transport (iser)
[[0;32m  OK  [0m] Started Load Kernel Modules.
[[0;32m  OK  [0m] Started Create list of required sta...ce nodes for the current kernel.
[[0;32m  OK  [0m] Started File System Check on Root Device.
[[0;32m  OK  [0m] Started Set console keymap.
[[0;32m  OK  [0m] Started Uncomplicated firewall.
[[0;32m  OK  [0m] Started Nameserver information manager.
[[0;32m  OK  [0m] Started LVM2 metadata daemon.
[[0;32m  OK  [0m] Started File System Check Daemon to report status.
         Starting Remount Root and Kernel File Systems...
         Starting Create Static Device Nodes in /dev...
         Mounting FUSE Co[    6.210559] EXT4-fs (sda1): re-mounted. Opts: (null)
ntrol File System...
         Starting Apply Kernel Variables...
[[0;32m  OK  [0m] Mounted FUSE Control File System.
[[0;32m  OK  [0m] Started Remount Root and Kernel File Systems.
         Starting Load/Save Random Seed...
         Starting Flush Journal to Persistent Storage...
         Starting udev Coldplug all Devices...
[[0;32m  OK  [0m] Started Apply Kernel Variables.
[[0;32m  OK  [0m] Started Load/Save Random Seed.
[[0;32m  OK  [0m] Started Flush Journal to Persistent Storage.
[[0;32m  OK  [0m] Started Create Static Device Nodes in /dev.
         Starting udev Kernel Device Manager...
[[0;32m  OK  [0m] Started udev Kernel Device Manager.
[[0;32m  OK  [0m] Started udev Coldplug all Devices.
[[0;32m  OK  [0m] Started Monitoring of LVM2 mirrors,...ng dmeventd or progress polling.
[[0;32m  OK  [0m] Reached target Local File Systems (Pre).
[[0;32m  OK  [0m] Reached target Local File Systems.
         Starting LSB: AppArmor initialization...
         Starting Initial cloud-init job (pre-networking)...
         Starting Create Volatile Files and Directories...
         Starting Tell Plymouth To Write Out Runtime Data...
         Starting Set console font and keymap...
[[0;32m  OK  [0m] Started Dispatch Password Requests to Console Directory Watch.
[[0;32m  OK  [0m] Started Tell Plymouth To Write Out Runtime Data.
[[0;32m  OK  [0m] Started Create Volatile Files and Directories.
         Starting Update UTMP about System Boot/Shutdown...
[[0;32m  OK  [0m] Started Update UTMP about System Boot/Shutdown.
[[0;32m  OK  [0m] Found device /dev/ttyS0.
[[0;32m  OK  [0m] Started LSB: AppArmor initialization.
[[0;32m  OK  [0m] Listening on Load/Save RF Kill Switch Status /dev/rfkill Watch.
         Starting Load AppArmor profiles managed internally by snapd...
[[0;32m  OK  [0m] Started Load AppArmor profiles managed internally by snapd.
[[0;32m  OK  [0m] Found device 82540EM Gigabit Ethern...r (PRO/1000 MT Desktop Adapter).
[[0;32m  OK  [0m] Found device 82540EM Gigabit Ethern...r (PRO/1000 MT Desktop Adapter).
[[0;32m  OK  [0m] Found device 82540EM Gigabit Ethern...r (PRO/1000 MT Desktop Adapter).
[    7.346524] cloud-init[485]: Cloud-init v. 21.1-19-gbad84ad4-0ubuntu1~16.04.2 running 'init-local' at Tue, 06 Dec 2022 17:29:12 +0000. Up 7.02 seconds.
[[0;32m  OK  [0m] Started Set console font and keymap.
[[0;32m  OK  [0m] Started Initial cloud-init job (pre-networking).
[[0;32m  OK  [0m] Reached target Network (Pre).
[[0;32m  OK  [0m] Started ifup for enp0s9.
[[0;32m  OK  [0m] Started ifup for enp0s3.
[[0;32m  OK  [0m] Started ifup for enp0s8.
         Starting Raise network interfaces...
[[0;32m  OK  [0m] Created slice system-getty.slice.
[[0;32m  OK  [0m] Started Raise network interfaces.
[[0;32m  OK  [0m] Reached target Network.
         Starting Initial cloud-init job (metadata service crawler)...
[    8.863492] cloud-init[1222]: Cloud-init v. 21.1-19-gbad84ad4-0ubuntu1~16.04.2 running 'init' at Tue, 06 Dec 2022 17:29:14 +0000. Up 8.56 seconds.
[    8.864768] cloud-init[1222]: ci-info: ++++++++++++++++++++++++++++++++++++++Net device info+++++++++++++++++++++++++++++++++++++++
[    8.872338] cloud-init[1222]: ci-info: +--------+------+-----------------------------+---------------+--------+-------------------+
[    8.880379] cloud-init[1222]: ci-info: | Device |  Up  |           Address           |      Mask     | Scope  |     Hw-Address    |
[    8.888293] cloud-init[1222]: ci-info: +--------+------+-----------------------------+---------------+--------+-------------------+
[    8.889594] cloud-init[1222]: ci-info: | enp0s3 | True |          10.0.2.15          | 255.255.255.0 | global | 02:be:82:6b:cc:1d |
[    8.891084] cloud-init[1222]: ci-info: | enp0s3 | True |  fe80::be:82ff:fe6b:cc1d/64 |       .       |  link  | 02:be:82:6b:cc:1d |
[    8.892592] cloud-init[1222]: ci-info: | enp0s8 | True |         192.168.1.65        | 255.255.255.0 | global | 08:00:27:ed:3c:7e |
[    8.900300] cloud-init[1222]: ci-info: | enp0s8 | True | fe80::a00:27ff:feed:3c7e/64 |       .       |  link  | 08:00:27:ed:3c:7e |
[    8.908308] cloud-init[1222]: ci-info: | enp0s9 | True |        192.168.11.10        | 255.255.255.0 | global | 08:00:27:4c:bb:06 |
[    8.909963] cloud-init[1222]: ci-info: | enp0s9 | True | fe80::a00:27ff:fe4c:bb06/64 |       .       |  link  | 08:00:27:4c:bb:06 |
[    8.916605] cloud-init[1222]: ci-info: |   lo   | True |          127.0.0.1          |   255.0.0.0   |  host  |         .         |
[[0;32m  OK  [0m] Started Initial cloud-init job (metadata service crawler).
[    8.916879] cloud-init[1222]: ci-info: |   lo   | True |           ::1/128           |       .       |  host  |         .         |
[    8.924426] cloud-init[1222]: ci-info: +--------+------+-----------------------------+---------------+--------+-------------------+
[    8.924612] cloud-init[1222]: ci-info: ++++++++++++++++++++++++++++Route IPv4 info++++++++++++++++++++++++++++
[[0;32m  OK  [0m] Reached target Network is Online.
[    8.924676] cloud-init[1222]: ci-info: +-------+--------------+----------+---------------+-----------+-------+
[    8.927742] cloud-init[1222]: ci-info: | Route | Destination  | Gateway  |    Genmask    | Interface | Flags |
[    8.928968] cloud-init[1222]: ci-info: +-------+--------------+----------+---------------+-----------+-------+
[    8.930365] cloud-init[1222]: ci-info: |   0   |   0.0.0.0    | 10.0.2.2 |    0.0.0.0    |   enp0s3  |   UG  |
[    8.931747] cloud-init[1222]: ci-info: |   1   |   10.0.2.0   | 0.0.0.0  | 255.255.255.0 |   enp0s3  |   U   |
[    8.940389] cloud-init[1222]: ci-info: |   2   | 192.168.1.0  | 0.0.0.0  | 255.255.255.0 |   enp0s8  |   U   |
[    8.948310] cloud-init[1222]: ci-info: |   3   | 192.168.11.0 | 0.0.0.0  | 255.255.255.0 |   enp0s9  |   U   |
[    8.948462] cloud-init[1222]: ci-info: +-------+--------------+----------+---------------+-----------+-------+
         Starting iSCSI initiator daemon (iscsid)...
[    8.948520] cloud-init[1222]: ci-info: +++++++++++++++++++Route IPv6 info+++++++++++++++++++
[    8.950426] cloud-init[1222]: ci-info: +-------+-------------+---------+-----------+-------+
[    8.950852] cloud-init[1222]: ci-info: | Route | Destination | Gateway | Interface | Flags |
[    8.951278] cloud-init[1222]: ci-info: +-------+-------------+---------+-----------+-------+
[    8.951792] cloud-init[1222]: ci-info: |   0   |  fe80::/64  |    ::   |   enp0s9  |   U   |
[    8.952449] cloud-init[1222]: ci-info: |   1   |  fe80::/64  |    ::   |   enp0s3  |   U   |
[    8.952868] cloud-init[1222]: ci-info: |   2   |  fe80::/64  |    ::   |   enp0s8  |   U   |
[    8.953087] cloud-init[1222]: ci-info: |   5   |   ff00::/8  |    ::   |   enp0s9  |   U   |
[[0;32m  OK  [0m] Reached target System Initialization.[    8.953276] cloud-init[1222]: 
ci-info: |   6   |   ff00::/8  |    ::   |   enp0s3  |   U   |
[[0;32m  OK  [0m] Started Daily Cleanup of Temporary Directories.
[    8.953335] [[0;32m  OK  [0m] Started Message of the Day.
         Starting Socket activation for snappy daemon.
[[0;32m  OK  [0m] Listening on ACPID Listen Socket.
cloud-init[1222]: ci-info: |   7   |   ff00::/8  |    ::   |   enp0s8  |   U   |
[    8.962727] [[0;32m  OK  [0m] Started ACPI Events Check.
[[0;32m  OK  [0m] Reached target Paths.
cloud-init[1222]: ci-info: +-------+-------------+---------+-----------+-------+
[[0;32m  OK  [0m] Started Ubuntu Advantage Timer for running repeated jobs.
[[0;32m  OK  [0m] Started Daily apt download activities.
[[0;32m  OK  [0m] Started Daily apt upgrade and clean activities.
[[0;32m  OK  [0m] Reached target Timers.
[[0;32m  OK  [0m] Listening on UUID daemon activation socket.
[[0;32m  OK  [0m] Listening on D-Bus System Message Bus Socket.
         Starting LXD - unix socket.
[[0;32m  OK  [0m] Reached target Cloud-config availability.
[[0;32m  OK  [0m] Listening on Socket activation for snappy daemon.
[[0;32m  OK  [0m] Listening on LXD - unix socket.
[[0;32m  OK  [0m] Reached target Sockets.
[[0;32m  OK  [0m] Reached target Basic System.
         Starting LSB: MD monitoring daemon...
[[0;32m  OK  [0m] Started ACPI event daemon.
[[0;32m  OK  [0m] Started Regular background program processing daemon.
         Starting A high performance web server and a reverse proxy server...
[[0;32m  OK  [0m] Started FUSE filesystem for LXC.
         Starting LSB: Record successful boot for GRUB...
         Starting LXD - container startup/shutdown...
[[0;32m  OK  [0m] Started Deferred execution scheduler.
         Starting OpenBSD Secure Shell server...
         Starting System Logging Service...
         Starting Login Service...
         Starting Virtualbox guest utils...
         Starting Accounts Service...
[[0;32m  OK  [0m] Started D-Bus System Message Bus.
         Starting Snap Daemon...
         Starting /etc/rc.local Compatibility...
[[0;32m  OK  [0m] Started System Logging Service.
[[0;32m  OK  [0m] Started iSCSI initiator daemon (iscsid).
[[0;32m  OK  [0m] Started /etc/rc.local Compatibility.
[[0;32m  OK  [0m] Started OpenBSD Secure Shell server.
[[0;32m  OK  [0m] Started Login Service.
[[0;32m  OK  [0m] Started Unattended Upgrades Shutdown.
         Starting Authenticate and Authorize Users to Run Privileged Tasks...
         Starting Login to default iSCSI targets...
[[0;32m  OK  [0m] Started LSB: MD monitoring daemon.
[[0;32m  OK  [0m] Started LSB: Record successful boot for GRUB.
[[0;32m  OK  [0m] Started Login to default iSCSI targets.
[[0;32m  OK  [0m] Reached target Remote File Systems (Pre).
         Mounting /vagrant...
[[0;32m  OK  [0m] Started Authenticate and Authorize Users to Run Privileged Tasks.
[[0;32m  OK  [0m] Started Accounts Service.
[[0;32m  OK  [0m] Started A high performance web server and a reverse proxy server.
[[0;32m  OK  [0m] Mounted /vagrant.
[[0;32m  OK  [0m] Reached target Remote File Systems.
         Starting LSB: Set the CPU Frequency Scaling governor to "ondemand"...
         Starting LSB: automatic crash report generation...
         Starting LSB: daemon to balance interrupts for SMP systems...
         Starting Permit User Sessions...
[[0;32m  OK  [0m] Started LXD - container startup/shutdown.
[[0;32m  OK  [0m] Started Virtualbox guest utils.
[[0;32m  OK  [0m] Started Permit User Sessions.
         Starting Terminate Plymouth Boot Screen...
         Starting Hold until boot process finishes up...
[[0;32m  OK  [0m] Started LSB: Set the CPU Frequency Scaling governor to "ondemand".
[[0;32m  OK  [0m] Started LSB: automatic crash report generation.
[[0;32m  OK  [0m] Started Terminate Plymouth Boot Screen.
[[0;32m  OK  [0m] Started Hold until boot process finishes up.
         Starting Set console scheme...
[[0;32m  OK  [0m] Started Serial Getty on ttyS0.
[[0;32m  OK  [0m] Started Getty on tty1.
[[0;32m  OK  [0m] Reached target Login Prompts.
[[0;32m  OK  [0m] Started Set console scheme.
[[0;32m  OK  [0m] Started LSB: daemon to balance interrupts for SMP systems.
[[0;32m  OK  [0m] Started Snap Daemon.
         Starting Wait until snapd is fully seeded...
[[0;32m  OK  [0m] Started Wait until snapd is fully seeded.
         Starting Apply the settings specified in cloud-config...
[   10.089426] cloud-init[1492]: Cloud-init v. 21.1-19-gbad84ad4-0ubuntu1~16.04.2 running 'modules:config' at Tue, 06 Dec 2022 17:29:15 +0000. Up 9.97 seconds.
[[0;32m  OK  [0m] Started Apply the settings specified in cloud-config.
         Starting cloud-id shim...
[[0;32m  OK  [0m] Started cloud-id shim.
[[0;32m  OK  [0m] Reached target Multi-User System.
         Starting Execute cloud user/final scripts...
[[0;32m  OK  [0m] Reached target Graphical Interface.
         Starting Update UTMP about System Runlevel Changes...
[[0;32m  OK  [0m] Started Update UTMP about System Runlevel Changes.
[   10.942599] cloud-init[1507]: Cloud-init v. 21.1-19-gbad84ad4-0ubuntu1~16.04.2 running 'modules:final' at Tue, 06 Dec 2022 17:29:16 +0000. Up 10.81 seconds.
[   10.952548] cloud-init[1507]: Cloud-init v. 21.1-19-gbad84ad4-0ubuntu1~16.04.2 finished at Tue, 06 Dec 2022 17:29:16 +0000. Datasource DataSourceNoCloud [seed=/dev/sdb][dsmode=net].  Up 10.93 seconds
[[0;32m  OK  [0m] Started Execute cloud user/final scripts.
[[0;32m  OK  [0m] Reached target Cloud-init target.

Ubuntu 16.04.7 LTS adribalanceador ttyS0

adribalanceador login:          Stopping Session 6 of user vagrant.
[[0;32m  OK  [0m] Closed Load/Save RF Kill Switch Status /dev/rfkill Watch.
         Stopping ACPI event daemon...
[[0;32m  OK  [0m] Stopped target Timers.
[[0;32m  OK  [0m] Stopped Daily Cleanup of Temporary Directories.
[[0;32m  OK  [0m] Stopped Message of the Day.
         Stopping Authenticate and Authorize Users to Run Privileged Tasks...
         Stopping Session 1 of user vagrant.
[[0;32m  OK  [0m] Stopped Ubuntu Advantage Timer for running repeated jobs.
[[0;32m  OK  [0m] Stopped target Graphical Interface.
         Stopping Accounts Service...
[[0;32m  OK  [0m] Stopped Daily apt upgrade and clean activities.
[[0;32m  OK  [0m] Stopped target Cloud-init target.
[[0;32m  OK  [0m] Stopped Execute cloud user/final scripts.
[[0;32m  OK  [0m] Stopped Apply the settings specified in cloud-config.
[[0;32m  OK  [0m] Stopped target Cloud-config availability.
[[0;32m  OK  [0m] Stopped target Multi-User System.
         Stopping LSB: daemon to balance interrupts for SMP systems...
[[0;32m  OK  [0m] Stopped target Login Prompts.
         Stopping Getty on tty1...
         Stopping Serial Getty on ttyS0...
         Stopping LSB: Set the CPU Frequency Scaling governor to "ondemand"...
         Stopping A high performance web server and a reverse proxy s         Stopping LSB: automatic crash report generation...
         Stopping System Logging Service...
         Stopping LSB: MD monitoring daemon...
         Stopping LXD - container startup/shutdown...
         Stopping Virtualbox guest utils...
         Stopping FUSE filesystem for LXC...
         Stopping OpenBSD Secure Shell server...
         Stopping LSB: Record successful boot for GRUB...
         Stopping Regular background program processing daemon...
         Stopping D-Bus System Message Bus...
[[0;32m  OK  [0m] Stopped Daily apt download activities.
[[0;32m  OK  [0m] Stopped target System Time Synchronized.
         Stopping User Manager for UID 1000...
         Stopping Deferred execution scheduler...
[[0;32m  OK  [0m] Unmounted /var/lib/lxcfs.
[[0;32m  OK  [0m] Stopped Regular background program processing daemon.
[[0;32m  OK  [0m] Stopped Deferred execution scheduler.
[[0;32m  OK  [0m] Stopped System Logging Service.
[[0;32m  OK  [0m] Stopped Accounts Service.
[[0;32m  OK  [0m] Stopped OpenBSD Secure Shell server.
[[0;32m  OK  [0m] Stopped Authenticate and Authorize Users to Run Privileged Tasks.
[[0;32m  OK  [0m] Stopped Serial Getty on ttyS0.
[[0;32m  OK  [0m] Stopped Getty on tty1.
[[0;32m  OK  [0m] Stopped ACPI event daemon.
[[0;32m  OK  [0m] Stopped User Manager for UID 1000.
[[0;32m  OK  [0m] Stopped Session 1 of user vagrant.
[[0;32m  OK  [0m] Stopped Session 6 of user vagrant.
[[0;32m  OK  [0m] Stopped D-Bus System Message Bus.
[[0;32m  OK  [0m] Stopped FUSE filesystem for LXC.
[[0;32m  OK  [0m] Stopped LSB: Record successful boot for GRUB.
[[0;32m  OK  [0m] Stopped A high performance web server and a reverse proxy server.
[[0;32m  OK  [0m] Stopped LSB: MD monitoring daemon.
[[0;32m  OK  [0m] Stopped LXD - container startup/shutdown.
[[0;32m  OK  [0m] Stopped LSB: daemon to balance interrupts for SMP systems.
[[0;32m  OK  [0m] Stopped LSB: Set the CPU Frequency Scaling governor to "ondemand".
[[0;32m  OK  [0m] Removed slice User Slice of vagrant.
         Stopping Login Service...
[[0;32m  OK  [0m] Removed slice system-getty.slice.
         Stopping Permit User Sessions...
[[0;32m  OK  [0m] Removed slice system-serial\x2dgetty.slice.
[[0;32m  OK  [0m] Stopped /etc/rc.local Compatibility.
[[0;32m  OK  [0m] Stopped LSB: automatic crash report generation.
[[0;32m  OK  [0m] Stopped Virtualbox guest utils.
[[0;32m  OK  [0m] Stopped Permit User Sessions.
[[0;32m  OK  [0m] Stopped target Remote File Systems.
         Unmounting /vagrant...
[[0;32m  OK  [0m] Unmounted /vagrant.
[[0;32m  OK  [0m] Stopped target Remote File Systems (Pre).
         Stopping Login to default iSCSI targets...
[[0;32m  OK  [0m] Stopped Login Service.
[[0;32m  OK  [0m] Stopped target User and Group Name Lookups.
[[0;32m  OK  [0m] Stopped target Basic System.
[[0;32m  OK  [0m] Stopped target Slices.
[[0;32m  OK  [0m] Removed slice User and Session Slice.
[[0;32m  OK  [0m] Stopped target Sockets.
[[0;32m  OK  [0m] Closed LXD - unix socket.
[[0;32m  OK  [0m] Closed Socket activation for snappy daemon.
[[0;32m  OK  [0m] Closed Syslog Socket.
[[0;32m  OK  [0m] Closed UUID daemon activation socket.
[[0;32m  OK  [0m] Closed D-Bus System Message Bus Socket.
[[0;32m  OK  [0m] Closed ACPID Listen Socket.
[[0;32m  OK  [0m] Stopped target Paths.
[[0;32m  OK  [0m] Stopped ACPI Events Check.
[[0;32m  OK  [0m] Stopped target System Initialization.
[[0;32m  OK  [0m] Stopped target Encrypted Volumes.
[[0;32m  OK  [0m] Stopped target Swap.
         Stopping Load/Save Random Seed...
         Stopping Update UTMP about System Boot/Shutdown...
[[0;32m  OK  [0m] Stopped Forward Password Requests to Wall Directory Watch.
[[0;32m  OK  [0m] Stopped Dispatch Password Requests to Console Directory Watch.
[[0;32m  OK  [0m] Stopped Load/Save Random Seed.
[[0;32m  OK  [0m] Stopped Update UTMP about System Boot/Shutdown.
[[0;32m  OK  [0m] Stopped Create Volatile Files and Directories.
[[0;32m  OK  [0m] Stopped Login to default iSCSI targets.
         Stopping iSCSI initiator daemon (iscsid)...
[[0;32m  OK  [0m] Stopped iSCSI initiator daemon (iscsid).
[[0;32m  OK  [0m] Stopped target Network is Online.
[[0;32m  OK  [0m] Stopped Initial cloud-init job (metadata service crawler).
[[0;32m  OK  [0m] Stopped target Network.
         Stopping Raise network interfaces...
[[0;32m  OK  [0m] Stopped Raise network interfaces.
[[0;32m  OK  [0m] Stopped target Network (Pre).
[[0;32m  OK  [0m] Stopped Initial cloud-init job (pre-networking).
[[0;32m  OK  [0m] Stopped Apply Kernel Variables.
[[0;32m  OK  [0m] Stopped target Local File Systems.
         Unmounting /run/user/1000...
[[0;32m  OK  [0m] Stopped Load Kernel Modules.
[[0;32m  OK  [0m] Unmounted /run/user/1000.
[[0;32m  OK  [0m] Reached target Unmount All Filesystems.
[[0;32m  OK  [0m] Stopped target Local File Systems (Pre).
[[0;32m  OK  [0m] Stopped Create Static Device Nodes in /dev.
[[0;32m  OK  [0m] Stopped Remount Root and Kernel File Systems.
[[0;32m  OK  [0m] Reached target Shutdown.
[ 5809.284823] reboot: Power down
